MPLINK 4.37, Linker
Linker Map File - Created Wed Dec 14 11:00:14 2022

                                 Section Info
                  Section       Type    Address   Location Size(Bytes)
                ---------  ---------  ---------  ---------  ---------
                   .org_0       code   0x000000    program   0x000134
                   .cinit    romdata   0x00009a    program   0x000004
     .config_2007_RELOC.O       code   0x002007    program   0x000002



                              Program Memory Usage 
                               Start         End      
                           ---------   ---------      
                            0x000000    0x00009b      
                            0x002007    0x002007      
            157 out of 1093 program addresses used, program memory utilization is 14%



                              Symbols - Sorted by Name
                     Name    Address   Location    Storage File                     
                ---------  ---------  ---------  --------- ---------                
                 cambios1   0x000048    program     static C:\Users\OmarA\Documents\TrabajosExtras\reloc\reloc.asm
                 cambios2   0x000051    program     static C:\Users\OmarA\Documents\TrabajosExtras\reloc\reloc.asm
                 cambios3   0x000068    program     static C:\Users\OmarA\Documents\TrabajosExtras\reloc\reloc.asm
                 cambios4   0x000071    program     static C:\Users\OmarA\Documents\TrabajosExtras\reloc\reloc.asm
                  conteo1   0x000022    program     static C:\Users\OmarA\Documents\TrabajosExtras\reloc\reloc.asm
                continuar   0x000062    program     static C:\Users\OmarA\Documents\TrabajosExtras\reloc\reloc.asm
                 detectar   0x00005d    program     static C:\Users\OmarA\Documents\TrabajosExtras\reloc\reloc.asm
                  externo   0x000024    program     static C:\Users\OmarA\Documents\TrabajosExtras\reloc\reloc.asm
                   inicio   0x000005    program     static C:\Users\OmarA\Documents\TrabajosExtras\reloc\reloc.asm
                  interno   0x000028    program     static C:\Users\OmarA\Documents\TrabajosExtras\reloc\reloc.asm
                    mitad   0x000026    program     static C:\Users\OmarA\Documents\TrabajosExtras\reloc\reloc.asm
                  reseteo   0x000073    program     static C:\Users\OmarA\Documents\TrabajosExtras\reloc\reloc.asm
             sinpresionar   0x000099    program     static C:\Users\OmarA\Documents\TrabajosExtras\reloc\reloc.asm
                   tabla1   0x000078    program     static C:\Users\OmarA\Documents\TrabajosExtras\reloc\reloc.asm
                   tabla2   0x000083    program     static C:\Users\OmarA\Documents\TrabajosExtras\reloc\reloc.asm
                   tabla3   0x00008a    program     static C:\Users\OmarA\Documents\TrabajosExtras\reloc\reloc.asm
                   tabla4   0x000095    program     static C:\Users\OmarA\Documents\TrabajosExtras\reloc\reloc.asm



                              Symbols - Sorted by Address
                     Name    Address   Location    Storage File                     
                ---------  ---------  ---------  --------- ---------                
                   inicio   0x000005    program     static C:\Users\OmarA\Documents\TrabajosExtras\reloc\reloc.asm
                  conteo1   0x000022    program     static C:\Users\OmarA\Documents\TrabajosExtras\reloc\reloc.asm
                  externo   0x000024    program     static C:\Users\OmarA\Documents\TrabajosExtras\reloc\reloc.asm
                    mitad   0x000026    program     static C:\Users\OmarA\Documents\TrabajosExtras\reloc\reloc.asm
                  interno   0x000028    program     static C:\Users\OmarA\Documents\TrabajosExtras\reloc\reloc.asm
                 cambios1   0x000048    program     static C:\Users\OmarA\Documents\TrabajosExtras\reloc\reloc.asm
                 cambios2   0x000051    program     static C:\Users\OmarA\Documents\TrabajosExtras\reloc\reloc.asm
                 detectar   0x00005d    program     static C:\Users\OmarA\Documents\TrabajosExtras\reloc\reloc.asm
                continuar   0x000062    program     static C:\Users\OmarA\Documents\TrabajosExtras\reloc\reloc.asm
                 cambios3   0x000068    program     static C:\Users\OmarA\Documents\TrabajosExtras\reloc\reloc.asm
                 cambios4   0x000071    program     static C:\Users\OmarA\Documents\TrabajosExtras\reloc\reloc.asm
                  reseteo   0x000073    program     static C:\Users\OmarA\Documents\TrabajosExtras\reloc\reloc.asm
                   tabla1   0x000078    program     static C:\Users\OmarA\Documents\TrabajosExtras\reloc\reloc.asm
                   tabla2   0x000083    program     static C:\Users\OmarA\Documents\TrabajosExtras\reloc\reloc.asm
                   tabla3   0x00008a    program     static C:\Users\OmarA\Documents\TrabajosExtras\reloc\reloc.asm
                   tabla4   0x000095    program     static C:\Users\OmarA\Documents\TrabajosExtras\reloc\reloc.asm
             sinpresionar   0x000099    program     static C:\Users\OmarA\Documents\TrabajosExtras\reloc\reloc.asm


